// Jest Snapshot v1, https://goo.gl/fbAQLP

exports[`All tests for business banner component should render the banner 1`] = `undefined`;
