// Jest Snapshot v1, https://goo.gl/fbAQLP

exports[`All tests for business body component should render the card 1`] = `undefined`;
