// Jest Snapshot v1, https://goo.gl/fbAQLP

exports[`All tests for business form components should render the business form 1`] = `undefined`;
