// Jest Snapshot v1, https://goo.gl/fbAQLP

exports[`All tests for editable review component should render the banner 1`] = `undefined`;
