// Jest Snapshot v1, https://goo.gl/fbAQLP

exports[`All tests for footer component should render the footer 1`] = `undefined`;
