// Jest Snapshot v1, https://goo.gl/fbAQLP

exports[`All tests for navbar component should render the navbar 1`] = `undefined`;
