// Jest Snapshot v1, https://goo.gl/fbAQLP

exports[`All tests for sign form component should render the signup form 1`] = `undefined`;
