// Jest Snapshot v1, https://goo.gl/fbAQLP

exports[`All tests for user business card component should render the business card 1`] = `undefined`;
